{"title": "Super Mario Bros. Movie grosses $1bn globally | GamesIndustry.biz", "content": "Sign up for the GI Daily\n                                                here to get the biggest news straight to your inbox\n\n                                        The Super Mario Bros. Movie has generated over $1 billion at the global box\n                                        office.\n                                    \n\nAs\n                                            reported by Variety, the Nintendo and Illumination motion picture is the\n                                        first film of 2023 to hit the figure.\n                                    \n\n                                        It crosses the $1 billion mark after nearly a month in theaters. The revenue\n                                        split was estimated to be $487.5 million for North America and $533 million\n                                        internationally.\n                                    \nThe big-screen adaptation joins Spider-Man: No Way Home, Top Gun: Maverick,\n                                        Jurassic World Dominion, and Avatar: The Way of Water as another billion-dollar\n                                        generator since the start of the COVID-19 pandemic.\n\n                                        The Super Mario Bros. Movie is also the highest-grossing video game film\n                                        adaptation, surpassing\n                                            Sonic The Hedgehog 2.\n                                    "}